Info: CALIFORNIA_2019S1_HOBO_QLF.csv: 4704 rows
Info: ESQNORTE_2019S1_HOBO_QLF.csv: 4709 rows
Info: ESQRODO_2019S1_HOBO_QLF.csv: 4690 rows
Info: ESQSUL_2019S1_HOBO_QLF.csv: 4655 rows
Info: FAROL_2019S1_HOBO_QLF.csv: 2033 rows
Info: PAB3_2019S1_HOBO_QLF.csv: 3193 rows
Info: PNOR_2019S1_HOBO_QLF.csv: 4776 rows
Info: SGOM_2019S1_HOBO_QLF.csv: 4725 rows
Info: CALIFORNIA_2019S2_HOBO_QLF.csv: 1713 rows
Info: PAB3_2019S2_HOBO_1_TEMP_ONLY_QLF.csv: 17670 rows
Info: PLES_2019S2_HOBO_QLF.csv: 7215 rows
Info: SGOM_2019S2_HOBO_QLF.csv: 1913 rows
Info: TIM2_2019S2_HOBO_QLF.csv: 7131 rows
Info: ESQSUL_2020S1_HOBO_1_QLF.csv: 278 rows
Info: ESQSUL_2020S1_HOBO_2_QLF.csv: 4025 rows
Info: PAB3_2020S1_HOBO_QLF.csv: 9029 rows
Info: PNOR_2020S1_HOBO_QLF.csv: 2241 rows
Info: RODORASO_2020S1_HOBO_QLF.csv: 2917 rows
Info: ESQNORTE_2021S1_HOBO_1_QLF.csv: 8300 rows
Info: ESQNORTE_2021S1_HOBO_2_QLF.csv: 5930 rows
Info: ESQSUL2_2021S1_HOBO_QLF.csv: 4241 rows
Info: PAB3_2021S1_HOBO_1_QLF.csv: 5615 rows
Info: PAB3_2021S1_HOBO_2_QLF.csv: 4130 rows
Info: PAB3_2021S1_HOBO_3_QLF.csv: 4370 rows
Info: PLES_2021S1_HOBO_1_QLF.csv: 225 rows
Info: PLES_2021S1_HOBO_2_QLF.csv: 5665 rows
Info: RODORASO_2021S1_HOBO_QLF.csv: 5500 rows
Info: ESQNORTE_2021S2_HOBO_QLF.csv: 2092 rows
Info: PAB3_2021S2_HOBO_QLF.csv: 1237 rows
Info: PLES_2021S2_HOBO_QLF.csv: 1168 rows
Info: PNOR_2021S2_HOBO_QLF.csv: 1261 rows
Info: RODORASO_2021S2_HOBO_QLF.csv: 1156 rows
Info: SGOM_2021S2_HOBO_QLF.csv: 1132 rows
Info: TIM2_2021S2_HOBO_QLF.csv: 1211 rows
Info: ESQRODO_2022S1_HOBO_QLF.csv: 4551 rows
Info: ESQSUL2_2022S1_HOBO_QLF.csv: 4599 rows
Info: PAB3_2022S1_HOBO_QLF.csv: 2539 rows
Info: PLES_2022S1_HOBO_QLF.csv: 2501 rows
Info: PNOR_2022S1_HOBO_1_QLF.csv: 2586 rows
Info: PNOR_2022S1_HOBO_2_QLF.csv: 455 rows
Info: SGOM_2022S1_HOBO_QLF.csv: 2544 rows
Info: TIM2_2022S1_HOBO_QLF.csv: 2425 rows
Info: ESQNORTE_2022S2_HOBO_1_QLF.csv: 2360 rows
Info: ESQNORTE_2022S2_HOBO_2_QLF.csv: 2274 rows
Info: ESQSUL_2022S2_HOBO_QLF.csv: 2408 rows
Info: PAB3_2022S2_HOBO_1_QLF.csv: 2437 rows
Info: PAB3_2022S2_HOBO_2_QLF.csv: 2286 rows
Info: PLES_2022S2_HOBO_QLF.csv: 2290 rows
Info: PNOR_2022S2_HOBO_QLF.csv: 2133 rows
Info: SGOM_2022S2_HOBO_QLF.csv: 4418 rows
Info: CALIFORNIA_2023S1_HOBO_QLF.csv: 7847 rows
Info: ESQNORTE_2023S1_HOBO_QLF.csv: 2219 rows
Info: ESQRODO_2023S1_HOBO_QLF.csv: 2062 rows
Info: ESQSUL_2023S1_HOBO_QLF.csv: 2073 rows
Info: ESQSUL2_2023S1_HOBO_QLF.csv: 2089 rows
Info: PAB2_2023S1_HOBO_QLF.csv: 2423 rows
Info: PAB3_2023S1_HOBO_QLF.csv: 2363 rows
Info: PLES_2023S1_HOBO_QLF.csv: 2350 rows
Info: PNOR_2023S1_HOBO_QLF.csv: 2452 rows
Info: RODORASO_2023S1_HOBO_QLF.csv: 2293 rows
Info: TIM2_2023S1_HOBO_QLF.csv: 2267 rows
Info: ESQNORTE_2023S2_HOBO_QLF.csv: 2621 rows
Info: ESQRODO_2023S2_HOBO_QLF.csv: 2676 rows
Info: ESQSUL_2023S2_HOBO_QLF.csv: 4971 rows
Info: PAB3_2023S2_HOBO_QLF.csv: 2316 rows
Info: PLES_2023S2_HOBO_QLF.csv: 2354 rows
Info: PNOR_2023S2_HOBO_QLF.csv: 2320 rows
Info: RODORASO_2023S2_HOBO_1_QLF.csv: 2526 rows
Info: SGOM_2023S2_HOBO_QLF.csv: 2306 rows
Info: ESQCENTRAL_2024S1_HOBO_QLF.csv: 1926 rows
Info: ESQSUL_2024S1_HOBO_QLF.csv: 2160 rows
Info: PAB3_2024S1_HOBO_QLF.csv: 1867 rows
Info: PLES_2024S1_HOBO_TEMP_ONLY_QLF.csv: 3938 rows
Info: PNOR_2024S1_HOBO_QLF.csv: 1767 rows
Info: RODORASO_2024S1_HOBO_QLF.csv: 3570 rows
Info: SGOM_2024S1_HOBO_QLF.csv: 2008 rows
Info: PAB3_2024S2_HOBO_1_QLF.csv: 1749 rows
Info: PAB3_2024S2_HOBO_2_QLF.csv: 2231 rows
Info: PLES_2024S2_HOBO_1_QLF.csv: 1121 rows
Info: PLES_2024S2_HOBO_2_QLF.csv: 1968 rows
Info: PNOR_2024S2_HOBO_QLF.csv: 2184 rows
Info: RODORASO_2024S2_HOBO_QLF.csv: 2148 rows
Info: SGOM_2024S2_HOBO_QLF.csv: 1980 rows
Info: TIM2_2024S2_HOBO_QLF.csv: 2097 rows
Info: ESQCENTRAL_2025S1_HOBO_1_QLF.csv: 677 rows
Info: ESQCENTRAL_2025S1_HOBO_2_QLF.csv: 2368 rows
Info: ESQNORTE_2025S1_HOBO_QLF.csv: 2414 rows
Info: ESQRODO_2025S1_HOBO_1_QLF.csv: 6057 rows
Info: ESQRODO_2025S1_HOBO_2_QLF.csv: 4138 rows
Info: ESQSUL_2025S1_HOBO_1_QLF.csv: 2388 rows
Info: ESQSUL_2025S1_HOBO_2_QLF.csv: 1678 rows
Info: PAB3_2025S1_HOBO_QLF.csv: 2302 rows
Info: PLES_2025S1_HOBO_QLF.csv: 2309 rows
Info: PNOR_2025S1_HOBO_QLF.csv: 2327 rows
Info: RODORASO_2025S1_HOBO_QLF.csv: 2340 rows
Info: SGOM_2025S1_HOBO_QLF.csv: 2328 rows
Info: TIM2_2025S1_HOBO_QLF.csv: 2355 rows
Info: ESQNORTE_2025S2_HOBO_QLF.csv: 2127 rows
Info: ESQRODO_2025S2_HOBO_QLF.csv: 2149 rows
Info: PAB3_2025S2_HOBO_QLF.csv: 2157 rows
Info: PLES_2025S2_HOBO_QLF.csv: 2208 rows
Info: PNOR_2025S2_HOBO_QLF.csv: 2167 rows
Info: SGOM_2025S2_HOBO_QLF.csv: 1461 rows
Info: TIM2_2025S2_HOBO_QLF.csv: 2146 rows
Info: ESQNORTE_2026S1_HOBO_QLF.csv: 2168 rows
Info: ESQRODO_2026S1_HOBO_QLF.csv: 2172 rows
Info: ESQSUL_2026S1_HOBO_QLF.csv: 4285 rows
Info: PAB3_2026S1_HOBO_QLF.csv: 4269 rows
Info: PLES_2026S1_HOBO_1_QLF.csv: 1902 rows
Info: PLES_2026S1_HOBO_2_QLF.csv: 2127 rows
Info: PNOR_2026S1_HOBO_QLF.csv: 4236 rows
Info: SGOM_2026S1_HOBO_QLF.csv: 2254 rows
Info: TIM2_2026S1_HOBO_QLF.csv: 4358 rows
Warning: 90 exact duplicate row(s) (same Site+Datetime+values) discarded - kept the first occurrence.
Warning: 7162 row(s) share the same Site+Datetime with DIFFERENT values (overlapping qualifications?) - ALL kept; check the files: CALIFORNIA_2019S1_HOBO_QLF.csv, CALIFORNIA_2023S1_HOBO_QLF.csv, PLES_2021S1_HOBO_1_QLF.csv, PLES_2021S1_HOBO_2_QLF.csv, PLES_2024S1_HOBO_TEMP_ONLY_QLF.csv
Info: site CALIFORNIA: 14264 rows, 2018-03-27 13:00:00 to 2020-01-10 10:00:00
Info: site ESQCENTRAL: 4971 rows, 2023-10-27 18:24:19 to 2025-03-16 12:58:23
Info: site ESQNORTE: 37214 rows, 2018-03-10 04:00:00 to 2026-03-11 03:30:59
Info: site ESQRODO: 28495 rows, 2018-03-10 06:00:00 to 2026-03-10 09:26:11
Info: site ESQSUL: 28921 rows, 2018-03-11 12:00:00 to 2026-03-09 07:10:50
Info: site ESQSUL2: 10929 rows, 2020-03-05 11:45:21 to 2023-03-21 14:32:12
Info: site FAROL: 2033 rows, 2018-03-20 07:06:42 to 2018-09-06 03:06:42
Info: site PAB2: 2423 rows, 2022-09-24 11:03:02 to 2023-04-14 07:03:02
Info: site PAB3: 71760 rows, 2016-06-30 11:37:36 to 2026-03-15 13:24:49
Info: site PLES: 39251 rows, 2018-11-20 10:00:00 to 2026-03-16 15:41:53
Info: site PNOR: 30905 rows, 2018-03-17 10:00:00 to 2026-03-14 18:23:41
Info: site RODORASO: 22450 rows, 2019-10-18 10:20:32 to 2025-03-26 13:30:09
Info: site SGOM: 27069 rows, 2018-03-17 04:00:00 to 2026-03-18 15:36:05
Info: site TIM2: 23990 rows, 2018-11-26 06:00:00 to 2026-03-22 01:39:57
Info: database built: 113 file(s), 344675 rows, instrument HOBO.